[root@d04tapmana001xx ~]# ansible localhost -m group -a "name=deploy state=present"
localhost | CHANGED => {
    "changed": true,
    "gid": 1224,
    "name": "deploy",
    "state": "present",
    "system": false
}
[root@d04tapmana001xx ~]# ansible localhost -m shell -a "more /etc/group | grep deploy"
localhost | CHANGED | rc=0 >>
deploy:x:1224:

----------------------------------------------------------------------------------------------

[root@d04tapmana001xx ~]# ansible localhost -m user -a "name=deploy-user state=present group=deploy"
localhost | CHANGED => {
    "changed": true,
    "comment": "",
    "create_home": true,
    "group": 1224,
    "home": "/home/deploy-user",
    "name": "deploy-user",
    "shell": "/bin/bash",
    "state": "present",
    "system": false,
    "uid": 10126
}
[root@d04tapmana001xx ~]# ansible localhost -m shell -a " more /etc/passwd | grep deploy-user"
localhost | CHANGED | rc=0 >>
deploy-user:x:10126:1224::/home/deploy-user:/bin/bash

---------------------------------------------------------------------------------------
[root@d04tapmana001xx ~]# ansible localhost -m yum -a"name=httpd state=present"
localhost | CHANGED => {
    "ansible_facts": {
        "pkg_mgr": "yum"
    },
    "changed": true,
    "changes": {
        "installed": [
            "httpd"
        ]
    },
    "msg": "",
    "rc": 0,
    "results": [
        "Loaded plugins: enabled_repos_upload, fastestmirror, package_upload, product-id,\n              : search-disabled-repos, subscription-manager, tracer_upload\nLoading mirror speeds from cached hostfile\nResolving Dependencies\n--> Running transaction check\n---> Package httpd.x86_64 0:2.4.6-89.el7.centos.1 will be installed\n--> Processing Dependency: httpd-tools = 2.4.6-89.el7.centos.1 for package: httpd-2.4.6-89.el7.centos.1.x86_64\n--> Processing Dependency: /etc/mime.types for package: httpd-2.4.6-89.el7.centos.1.x86_64\n--> Processing Dependency: libaprutil-1.so.0()(64bit) for package: httpd-2.4.6-89.el7.centos.1.x86_64\n--> Processing Dependency: libapr-1.so.0()(64bit) for package: httpd-2.4.6-89.el7.centos.1.x86_64\n--> Running transaction check\n---> Package apr.x86_64 0:1.4.8-3.el7_4.1 will be installed\n---> Package apr-util.x86_64 0:1.5.2-6.el7 will be installed\n---> Package httpd-tools.x86_64 0:2.4.6-89.el7.centos.1 will be installed\n---> Package mailcap.noarch 0:2.1.41-2.el7 will be installed\n--> Finished Dependency Resolution\n\nDependencies Resolved\n\n================================================================================\n Package     Arch   Version         Repository                             Size\n================================================================================\nInstalling:\n httpd       x86_64 2.4.6-89.el7.centos.1\n                                    Tesco_CentOS_7_CentOS_7_-_updates_-_x86_64\n                                                                          2.7 M\nInstalling for dependencies:\n apr         x86_64 1.4.8-3.el7_4.1 Tesco_CentOS_7_CentOS_7_-_os_-_x86_64 103 k\n apr-util    x86_64 1.5.2-6.el7     Tesco_CentOS_7_CentOS_7_-_os_-_x86_64  92 k\n httpd-tools x86_64 2.4.6-89.el7.centos.1\n                                    Tesco_CentOS_7_CentOS_7_-_updates_-_x86_64\n                                                                           91 k\n mailcap     noarch 2.1.41-2.el7    Tesco_CentOS_7_CentOS_7_-_os_-_x86_64  31 k\n\nTransaction Summary\n================================================================================\nInstall  1 Package (+4 Dependent packages)\n\nTotal download size: 3.0 M\nInstalled size: 10 M\nDownloading packages:\n--------------------------------------------------------------------------------\nTotal                                              5.3 MB/s | 3.0 MB  00:00     \nRunning transaction check\nRunning transaction test\nTransaction test succeeded\nRunning transaction\n  Installing : apr-1.4.8-3.el7_4.1.x86_64                                   1/5 \n  Installing : apr-util-1.5.2-6.el7.x86_64                                  2/5 \n  Installing : httpd-tools-2.4.6-89.el7.centos.1.x86_64                     3/5 \n  Installing : mailcap-2.1.41-2.el7.noarch                                  4/5 \n  Installing : httpd-2.4.6-89.el7.centos.1.x86_64                           5/5 \nUploading Package Profile\nUploading Tracer Profile\n  Verifying  : httpd-2.4.6-89.el7.centos.1.x86_64                           1/5 \n  Verifying  : mailcap-2.1.41-2.el7.noarch                                  2/5 \n  Verifying  : httpd-tools-2.4.6-89.el7.centos.1.x86_64                     3/5 \n  Verifying  : apr-util-1.5.2-6.el7.x86_64                                  4/5 \n  Verifying  : apr-1.4.8-3.el7_4.1.x86_64                                   5/5 \n\nInstalled:\n  httpd.x86_64 0:2.4.6-89.el7.centos.1                                          \n\nDependency Installed:\n  apr.x86_64 0:1.4.8-3.el7_4.1                  apr-util.x86_64 0:1.5.2-6.el7   \n  httpd-tools.x86_64 0:2.4.6-89.el7.centos.1    mailcap.noarch 0:2.1.41-2.el7   \n\nComplete!\nUploading Enabled Repositories Report\nLoaded plugins: fastestmirror, product-id, subscription-manager\n"
    ]
}
[root@d04tapmana001xx ~]# ansible localhost -m shell -a "which httpd"
localhost | CHANGED | rc=0 >>
/usr/sbin/httpd
-------------------------------------------------------------------------
[root@d04tapmana001xx ~]# ansible localhost -m service -a"name=httpd state=started"
localhost | CHANGED => {
    "changed": true,
    "name": "httpd",
    "state": "started",
    "status": {
        "ActiveEnterTimestampMonotonic": "0",
        "ActiveExitTimestampMonotonic": "0",
        "ActiveState": "inactive",
        "After": "tmp.mount -.mount network.target system.slice basic.target var.mount nss-lookup.target var-tmp.mount remote-fs.target systemd-journald.socket",
        "AllowIsolate": "no",
        "AmbientCapabilities": "0",
        "AssertResult": "no",
        "AssertTimestampMonotonic": "0",
        "Before": "shutdown.target",
        "BlockIOAccounting": "no",
        "BlockIOWeight": "18446744073709551615",
        "CPUAccounting": "no",
        "CPUQuotaPerSecUSec": "infinity",
        "CPUSchedulingPolicy": "0",
        "CPUSchedulingPriority": "0",
        "CPUSchedulingResetOnFork": "no",
        "CPUShares": "18446744073709551615",
        "CanIsolate": "no",
        "CanReload": "yes",
        "CanStart": "yes",
        "CanStop": "yes",
        "CapabilityBoundingSet": "18446744073709551615",
        "ConditionResult": "no",
        "ConditionTimestampMonotonic": "0",
        "Conflicts": "shutdown.target",
        "ControlPID": "0",
        "DefaultDependencies": "yes",
        "Delegate": "no",
        "Description": "The Apache HTTP Server",
        "DevicePolicy": "auto",
        "Documentation": "man:httpd(8) man:apachectl(8)",
        "EnvironmentFile": "/etc/sysconfig/httpd (ignore_errors=no)",
        "ExecMainCode": "0",
        "ExecMainExitTimestampMonotonic": "0",
        "ExecMainPID": "0",
        "ExecMainStartTimestampMonotonic": "0",
        "ExecMainStatus": "0",
        "ExecReload": "{ path=/usr/sbin/httpd ; argv[]=/usr/sbin/httpd $OPTIONS -k graceful ; ignore_errors=no ; start_time=[n/a] ; stop_time=[n/a] ; pid=0 ; code=(null) ; status=0/0 }",
        "ExecStart": "{ path=/usr/sbin/httpd ; argv[]=/usr/sbin/httpd $OPTIONS -DFOREGROUND ; ignore_errors=no ; start_time=[n/a] ; stop_time=[n/a] ; pid=0 ; code=(null) ; status=0/0 }",
        "ExecStop": "{ path=/bin/kill ; argv[]=/bin/kill -WINCH ${MAINPID} ; ignore_errors=no ; start_time=[n/a] ; stop_time=[n/a] ; pid=0 ; code=(null) ; status=0/0 }",
        "FailureAction": "none",
        "FileDescriptorStoreMax": "0",
        "FragmentPath": "/usr/lib/systemd/system/httpd.service",
        "GuessMainPID": "yes",
        "IOScheduling": "0",
        "Id": "httpd.service",
        "IgnoreOnIsolate": "no",
        "IgnoreOnSnapshot": "no",
        "IgnoreSIGPIPE": "yes",
        "InactiveEnterTimestampMonotonic": "0",
        "InactiveExitTimestampMonotonic": "0",
        "JobTimeoutAction": "none",
        "JobTimeoutUSec": "0",
        "KillMode": "control-group",
        "KillSignal": "18",
        "LimitAS": "18446744073709551615",
        "LimitCORE": "18446744073709551615",
        "LimitCPU": "18446744073709551615",
        "LimitDATA": "18446744073709551615",
        "LimitFSIZE": "18446744073709551615",
        "LimitLOCKS": "18446744073709551615",
        "LimitMEMLOCK": "65536",
        "LimitMSGQUEUE": "819200",
        "LimitNICE": "0",
        "LimitNOFILE": "4096",
        "LimitNPROC": "31193",
        "LimitRSS": "18446744073709551615",
        "LimitRTPRIO": "0",
        "LimitRTTIME": "18446744073709551615",
        "LimitSIGPENDING": "31193",
        "LimitSTACK": "18446744073709551615",
        "LoadState": "loaded",
        "MainPID": "0",
        "MemoryAccounting": "no",
        "MemoryCurrent": "18446744073709551615",
        "MemoryLimit": "18446744073709551615",
        "MountFlags": "0",
        "Names": "httpd.service",
        "NeedDaemonReload": "no",
        "Nice": "0",
        "NoNewPrivileges": "no",
        "NonBlocking": "no",
        "NotifyAccess": "main",
        "OOMScoreAdjust": "0",
        "OnFailureJobMode": "replace",
        "PermissionsStartOnly": "no",
        "PrivateDevices": "no",
        "PrivateNetwork": "no",
        "PrivateTmp": "yes",
        "ProtectHome": "no",
        "ProtectSystem": "no",
        "RefuseManualStart": "no",
        "RefuseManualStop": "no",
        "RemainAfterExit": "no",
        "Requires": "-.mount var.mount basic.target var-tmp.mount",
        "RequiresMountsFor": "/var/tmp",
        "Restart": "no",
        "RestartUSec": "100ms",
        "Result": "success",
        "RootDirectoryStartOnly": "no",
        "RuntimeDirectoryMode": "0755",
        "SameProcessGroup": "no",
        "SecureBits": "0",
        "SendSIGHUP": "no",
        "SendSIGKILL": "yes",
        "Slice": "system.slice",
        "StandardError": "inherit",
        "StandardInput": "null",
        "StandardOutput": "journal",
        "StartLimitAction": "none",
        "StartLimitBurst": "5",
        "StartLimitInterval": "10000000",
        "StartupBlockIOWeight": "18446744073709551615",
        "StartupCPUShares": "18446744073709551615",
        "StatusErrno": "0",
        "StopWhenUnneeded": "no",
        "SubState": "dead",
        "SyslogLevelPrefix": "yes",
        "SyslogPriority": "30",
        "SystemCallErrorNumber": "0",
        "TTYReset": "no",
        "TTYVHangup": "no",
        "TTYVTDisallocate": "no",
        "TasksAccounting": "no",
        "TasksCurrent": "18446744073709551615",
        "TasksMax": "18446744073709551615",
        "TimeoutStartUSec": "1min 30s",
        "TimeoutStopUSec": "1min 30s",
        "TimerSlackNSec": "50000",
        "Transient": "no",
        "Type": "notify",
        "UMask": "0022",
        "UnitFilePreset": "disabled",
        "UnitFileState": "disabled",
        "Wants": "system.slice",
        "WatchdogTimestampMonotonic": "0",
        "WatchdogUSec": "0"
    }
}
[root@d04tapmana001xx ~]# ansible localhost -m shell -a "ps -eaf | grep httpd"
localhost | CHANGED | rc=0 >>
root     18120     1  0 10:29 ?        00:00:00 /usr/sbin/httpd -DFOREGROUND
apache   18121 18120  0 10:29 ?        00:00:00 /usr/sbin/httpd -DFOREGROUND
apache   18122 18120  0 10:29 ?        00:00:00 /usr/sbin/httpd -DFOREGROUND
apache   18123 18120  0 10:29 ?        00:00:00 /usr/sbin/httpd -DFOREGROUND
apache   18124 18120  0 10:29 ?        00:00:00 /usr/sbin/httpd -DFOREGROUND
apache   18125 18120  0 10:29 ?        00:00:00 /usr/sbin/httpd -DFOREGROUND
root     18177 12594 49 10:30 pts/0    00:00:00 /usr/bin/python2 /usr/bin/ansible localhost -m shell -a ps -eaf | grep httpd
root     18186 18177 13 10:30 pts/0    00:00:00 /usr/bin/python2 /usr/bin/ansible localhost -m shell -a ps -eaf | grep httpd
root     18200 18199  0 10:30 pts/0    00:00:00 /bin/sh -c ps -eaf | grep httpd
root     18202 18200  0 10:30 pts/0    00:00:00 grep httpd
---------------------------------------------------------------------------

[root@d04tapmana001xx ~]# ansible localhost -m file -a"name=index.html state=touch"
localhost | CHANGED => {
    "changed": true,
    "dest": "index.html",
    "gid": 0,
    "group": "root",
    "mode": "0640",
    "owner": "root",
    "size": 0,
    "state": "file",
    "uid": 0
}
[root@d04tapmana001xx ~]# ansible localhost -m file -a"name=second.html state=touch"
localhost | CHANGED => {
    "changed": true,
    "dest": "second.html",
    "gid": 0,
    "group": "root",
    "mode": "0640",
    "owner": "root",
    "size": 0,
    "state": "file",
    "uid": 0
}
---------------------------------------------------------------

[root@d04tapmana001xx ~]# ansible localhost -m lineinfile  -a"path=/root/index.html line=first"
localhost | CHANGED => {
    "backup": "",
    "changed": true,
    "msg": "line added"
}
[root@d04tapmana001xx ~]# cat index.html
first
[root@d04tapmana001xx ~]# ansible localhost -m lineinfile  -a"path=/root/second.html line=second"
localhost | CHANGED => {
    "backup": "",
    "changed": true,
    "msg": "line added"
}
[root@d04tapmana001xx ~]# cat second.html
second
[root@d04tapmana001xx ~]#

